// Jest Snapshot v1, https://goo.gl/fbAQLP

exports[`renders 1`] = `
<div
  className="Footer-footer-1 Footer"
>
  <ul
    className="social-links"
  >
    <SocialLink
      icon="Facebook-black.svg"
      iconHover="Facebook-color.svg"
      name="Facebook"
      url="https://www.facebook.com/LsrFocus"
    />
    <SocialLink
      icon="LinkedIn-black.svg"
      iconHover="LinkedIn-color.svg"
      name="LinkedIn"
      url="https://www.linkedin.com/company/18449687"
    />
    <SocialLink
      icon="Twitter-black.svg"
      iconHover="Twitter-color.svg"
      name="Twitter"
      url="https://twitter.com/LsrFocus"
    />
    <SocialLink
      icon="Github-black.svg"
      iconHover="Github-color.svg"
      name="GitHub"
      url="https://github.com/lsrfocus"
    />
  </ul>
  <div>
    Full website coming soon.
  </div>
  <div>
    Â© 2018 LSR Software LLC
  </div>
</div>
`;
