// Jest Snapshot v1, https://goo.gl/fbAQLP

exports[`renders 1`] = `
<header
  className="MuiPaper-root-9 MuiPaper-shadow4-15 MuiAppBar-root-1 MuiAppBar-positionFixed-2 MuiAppBar-colorDefault-6 mui-fixed"
>
  <div
    className="MuiToolbar-root-36 MuiToolbar-gutters-37 NavBar"
  >
    <a
      href="/"
    >
      <img
        alt="Home"
        className="logo"
        src="logo.svg"
      />
    </a>
    <div
      className="buttons"
    >
      <NavLink
        className="MuiButtonBase-root-54 MuiButton-root-39 NavButton-navButton-38 NavButton"
        exact={true}
        onBlur={[Function]}
        onFocus={[Function]}
        onKeyDown={[Function]}
        onKeyUp={[Function]}
        onMouseDown={[Function]}
        onMouseLeave={[Function]}
        onMouseUp={[Function]}
        onTouchEnd={[Function]}
        onTouchMove={[Function]}
        onTouchStart={[Function]}
        role="button"
        tabIndex={0}
        to="/"
      >
        <span
          className="MuiButton-label-40"
        >
          <div
            className="link-text"
          >
            Home
          </div>
        </span>
        <span
          className="MuiTouchRipple-root-56"
        />
      </NavLink>
      <NavLink
        className="MuiButtonBase-root-54 MuiButton-root-39 NavButton-navButton-38 NavButton"
        exact={true}
        onBlur={[Function]}
        onFocus={[Function]}
        onKeyDown={[Function]}
        onKeyUp={[Function]}
        onMouseDown={[Function]}
        onMouseLeave={[Function]}
        onMouseUp={[Function]}
        onTouchEnd={[Function]}
        onTouchMove={[Function]}
        onTouchStart={[Function]}
        role="button"
        tabIndex={0}
        to="/about"
      >
        <span
          className="MuiButton-label-40"
        >
          <div
            className="link-text"
          >
            About
          </div>
        </span>
        <span
          className="MuiTouchRipple-root-56"
        />
      </NavLink>
      <NavLink
        className="MuiButtonBase-root-54 MuiButton-root-39 NavButton-navButton-38 NavButton"
        exact={true}
        onBlur={[Function]}
        onFocus={[Function]}
        onKeyDown={[Function]}
        onKeyUp={[Function]}
        onMouseDown={[Function]}
        onMouseLeave={[Function]}
        onMouseUp={[Function]}
        onTouchEnd={[Function]}
        onTouchMove={[Function]}
        onTouchStart={[Function]}
        role="button"
        tabIndex={0}
        to="/testimonials"
      >
        <span
          className="MuiButton-label-40"
        >
          <div
            className="link-text"
          >
            Testimonials
          </div>
        </span>
        <span
          className="MuiTouchRipple-root-56"
        />
      </NavLink>
      <a
        className="MuiButtonBase-root-54 MuiButton-root-39 NavButton-navButton-38 NavButton"
        href="mailto:kevin@lsrfocus.com"
        onBlur={[Function]}
        onFocus={[Function]}
        onKeyDown={[Function]}
        onKeyUp={[Function]}
        onMouseDown={[Function]}
        onMouseLeave={[Function]}
        onMouseUp={[Function]}
        onTouchEnd={[Function]}
        onTouchMove={[Function]}
        onTouchStart={[Function]}
        tabIndex={0}
      >
        <span
          className="MuiButton-label-40"
        >
          <div
            className="link-text"
          >
            Contact me
          </div>
        </span>
        <span
          className="MuiTouchRipple-root-56"
        />
      </a>
    </div>
  </div>
</header>
`;
