// Jest Snapshot v1, https://goo.gl/fbAQLP

exports[`renders 1`] = `
<Router>
  <div
    className="App"
  >
    <NavBar />
    <Routes />
    <Footer />
  </div>
</Router>
`;
